facturesBySociety[0] = Facture(client=Client(nom=Citruce, nomCourt=Citruce, numTVAIntracom=null, adresse=Adresse(rue1=101 rue de Sèvres, rue2=Lot 1665, rue3=, codePostal=75272, ville=Paris Cedex 06, pays=null)), date=2020-05-07, lignes=[Ligne(article=Article(description=Sponsoring BDX I/O catégorie Impériale, montant=2 500,00 €, unite=null, tva=NONE), description=Sponsoring BDX I/O 2020 catégorie Impériale, montantUnitaire=2 500,00 €, unite=null, tva=NONE, quantite=1)], ristournes=[])
facturesBySociety[1] = Facture(client=Client(nom=Mangas Gambling Engineering, nomCourt=Mangas Gambling Engineering, numTVAIntracom=null, adresse=Adresse(rue1=117 Quai de Bacalan, rue2=, rue3=, codePostal=33300, ville=BORDEAUX, pays=null)), date=2020-05-11, lignes=[Ligne(article=Article(description=Sponsoring BDX I/O catégorie Balthazar, montant=5 000,00 €, unite=null, tva=NONE), description=Sponsoring BDX I/O 2020 catégorie Balthazar, montantUnitaire=5 000,00 €, unite=null, tva=NONE, quantite=1)], ristournes=[])
facturesBySociety[2] = Facture(client=Client(nom=APSIDE SA, nomCourt=APSIDE SA, numTVAIntracom=null, adresse=Adresse(rue1=Agence de Bordeaux, rue2=23, quai de Paludate, rue3=, codePostal=33800, ville=BORDEAUX, pays=null)), date=2020-05-11, lignes=[Ligne(article=Article(description=Sponsoring BDX I/O catégorie Balthazar, montant=5 000,00 €, unite=null, tva=NONE), description=Sponsoring BDX I/O 2020 catégorie Balthazar, montantUnitaire=5 000,00 €, unite=null, tva=NONE, quantite=1), Ligne(article=Article(description=Remise , montant=-500,00 €, unite=null, tva=NONE), description=Remise 10% APSIDE, montantUnitaire=-500,00 €, unite=null, tva=NONE, quantite=1)], ristournes=[])
facturesBySociety[3] = Facture(client=Client(nom=AT INTERNET, nomCourt=, numTVAIntracom=null, adresse=Adresse(rue1=85 Avenue John Fitzgerald Kennedy, rue2=, rue3=, codePostal=33700, ville=MERIGNAC, pays=null)), date=2020-05-11, lignes=[Ligne(article=Article(description=Sponsoring BDX I/O catégorie Magnum, montant=1 000,00 €, unite=null, tva=NONE), description=Sponsoring BDX I/O 2020 catégorie Magnum, montantUnitaire=1 000,00 €, unite=null, tva=NONE, quantite=1)], ristournes=[])
facturesBySociety[4] = Facture(client=Client(nom=COLIBRI SAS, nomCourt=COLIBRI SAS, numTVAIntracom=null, adresse=Adresse(rue1=52 rue Bayen, rue2=, rue3=, codePostal=75017, ville=PARIS, pays=null)), date=2020-05-15, lignes=[Ligne(article=Article(description=Sponsoring BDX I/O catégorie Balthazar, montant=5 000,00 €, unite=null, tva=NONE), description=Sponsoring BDX I/O 2020 catégorie Balthazar, montantUnitaire=5 000,00 €, unite=null, tva=NONE, quantite=1)], ristournes=[])
facturesBySociety[5] = Facture(client=Client(nom=Ippon Technologies, nomCourt=Ippon Technologies, numTVAIntracom=null, adresse=Adresse(rue1=43 avenue de la Grande Armée, rue2=, rue3=, codePostal=75116, ville=Paris, pays=null)), date=2020-05-23, lignes=[Ligne(article=Article(description=Sponsoring BDX I/O catégorie Impériale, montant=2 500,00 €, unite=null, tva=NONE), description=Sponsoring BDX I/O 2020 catégorie Impériale, montantUnitaire=2 500,00 €, unite=null, tva=NONE, quantite=1), Ligne(article=Article(description=Sponsoring BDX I/O, montant=500,00 €, unite=null, tva=NONE), description=Sponsoring BDX I/O, montantUnitaire=500,00 €, unite=null, tva=NONE, quantite=1)], ristournes=[])
facturesBySociety[6] = Facture(client=Client(nom=Clever Cloud, nomCourt=Clever Cloud, numTVAIntracom=null, adresse=Adresse(rue1=3 rue de l'Allier, rue2=, rue3=, codePostal=44000, ville=Nantes, pays=null)), date=2020-05-20, lignes=[Ligne(article=Article(description=Sponsoring BDX I/O catégorie Impériale, montant=2 500,00 €, unite=null, tva=NONE), description=Sponsoring BDX I/O 2020 catégorie Impériale, montantUnitaire=2 500,00 €, unite=null, tva=NONE, quantite=1)], ristournes=[])
facturesBySociety[7] = Facture(client=Client(nom=AUDENSIEL TECHNOLOGIES, nomCourt=AUDENSIEL TECHNOLOGIES, numTVAIntracom=null, adresse=Adresse(rue1=5 rue du Château trompette, rue2=, rue3=, codePostal=33000, ville=Bordeaux, pays=null)), date=2020-05-26, lignes=[Ligne(article=Article(description=Sponsoring BDX I/O catégorie Impériale, montant=2 500,00 €, unite=null, tva=NONE), description=Sponsoring BDX I/O 2020 catégorie Impériale, montantUnitaire=2 500,00 €, unite=null, tva=NONE, quantite=1)], ristournes=[])
